// Vitest Snapshot v1

exports[`<ListItem/> > should render 1`] = `
<div>
  <div
    class="_container_1fxe8_1"
  />
</div>
`;
