// Jest Snapshot v1, https://goo.gl/fbAQLP

exports[`<List/> should render component 1`] = `
<div>
  <div
    class="container"
  />
</div>
`;
